// Jest Snapshot v1, https://goo.gl/fbAQLP

exports[`render Home page correctly 1`] = `
<a
  href="/"
  onClick={[Function]}
/>
`;

exports[`render correctly Jumbotron component 1`] = `
<div
  className="jumbotron jumbotron-fuild shadow-lg"
>
  <div
    className="container"
  >
    <h1
      className="display-3  shadow-lg"
    >
      Rent now
    </h1>
    <p
      className="lead"
    >
      Homy's car is one of the easiest and fastest car rental service in the world. Simply click on "Get my location"  and select a vehicle near by and start renting 
    </p>
    <button
      className="btn btn-success shadow-lg"
      type="button"
    >
      Get my location
    </button>
  </div>
</div>
`;
